2362
13784
13926
18456
21530
22862
23058
30886
34022
55736
60492
64370
65782
68690
75198
78042
79802
80540
83426
85386
89172
94324
95368
98537
98315
98167
97763
92777
90027
89383
84421
77373
76229
75011
74067
65123
61393
56429
47793
44919
41421
38335
36915
33069
20059
16649
13929
5211
3135
2567
