StarWars
sucutucusucutucusucutucusucutucusucutucusucutucusucutucusucutucusucutucusucutucusucutucusucutucusucu
b01234567890123456789012345678901234567890123456789
0B1234567890123456789012345678901234567890123456789
