Novo salario: 460.00
Reajuste ganho: 60.00
Em percentual: 15 %
Novo salario: 880.01
Reajuste ganho: 80.00
Em percentual: 10 %
Novo salario: 2140.00
Reajuste ganho: 140.00
Em percentual: 7 %
