1/1
3/4
5/8
1/2
13/32
21/64
17/64
55/256
89/512
9/64
